PASS exists_results/deposon_v18_api_supplements.json 
PASS exists_results/llm_prior_cache_v18_labelshuffle.json 
PASS exists_results/llm_prior_cache_v18_contamination.json 
PASS exists_results/llm_prior_cache_v18_direction.json 
PASS exists_results/llm_prior_cache_v18_direction_run1_malformed_archive.json 
PASS exists_results/llm_prior_cache_v18_contentless.json 
PASS exists_run_v18_api_supplements.py 
PASS exists_tests/test_v18.py 
PASS v18_spec_version v1.8.1
PASS E1_invariance 
PASS E2_weak_counter 
PASS E3_robust 
PASS E4_abstention 
PASS E3_cache_13edges 
PASS E4_cache_abstained 
PASS E1_edge_set 
PASS cn_header_v181 
PASS cn_s47_title_range 
PASS cn_tableC_v181 
PASS cn_d6 
PASS cn_e1_disclosure 
PASS cn_e4_abstain 
PASS cn_e2_selfreport 
PASS cn_num_pearson 
PASS cn_num_jaccard 
PASS cn_anchor_0.367 
PASS cn_anchor_0.294 
PASS cn_anchor_0.471 
PASS cn_anchor_0.176 
PASS cn_anchor_0.227 
PASS cn_anchor_0.388 
PASS cn_honest_nonsig 
PASS cn_sampler_sensitive 
PASS en_header_v181 
PASS en_s47_title_range 
PASS en_tableC_v181 
PASS en_d6 
PASS en_e1_disclosure 
PASS en_e4_abstain 
PASS en_e2_selfreport 
PASS en_num_pearson 
PASS en_num_jaccard 
PASS en_anchor_0.367 
PASS en_anchor_0.294 
PASS en_anchor_0.471 
PASS en_anchor_0.176 
PASS en_anchor_0.227 
PASS en_anchor_0.388 
PASS en_honest_nonsig 
PASS en_sampler_sensitive 
PASS cn_no_lingAPI 
PASS cn_no_bushiyan 
PASS en_no_lingAPI 
PASS en_no_bushiyan 
PASS en_no_zeroapi 
PASS spec_amendment 
PASS pytest_green 134 passed in 7.33s
PASS no_key_leak 
FAILS: 0
