[14:20:11] ark_coding=ark-de0b484e-0889-...
[14:20:11] === Loading baseline cells ===
[14:20:11]   30 cells
[14:20:11]   L=60 mean T_frac60 = 0.7111
[14:20:11] === Running glm53 ===
[14:20:13]   sanity: ok=True resp_model=glm-5-3-flash-260828 latency=2420ms
[14:20:30]   [glm53] 3/30 pass=3/3 elapsed=17s
[14:20:47]   [glm53] 6/30 pass=5/6 elapsed=33s
[14:21:06]   [glm53] 9/30 pass=8/9 elapsed=53s
[14:21:24]   [glm53] 12/30 pass=10/12 elapsed=71s
[14:21:43]   [glm53] 15/30 pass=13/15 elapsed=89s
[14:22:21]   [glm53] 18/30 pass=15/18 elapsed=128s
[14:23:02]   [glm53] 21/30 pass=17/21 elapsed=168s
[14:23:44]   [glm53] 24/30 pass=19/24 elapsed=211s
[14:24:21]   [glm53] 27/30 pass=21/27 elapsed=248s
[14:25:05]   [glm53] 30/30 pass=23/30 elapsed=292s
[14:25:05] === glm53 done: 23/30 pass, 292.2s ===
[14:25:11]   Spearman vs baseline = 0.3152, p=0.089721
[14:25:11]   glm53 L=30 JSON -> D:\私人资料\deposon-repo\results\_p_l_v3_robustness_glm53_L30_20260917_142011.json  size=18281B
[14:25:11]   glm53 L=60 JSON -> D:\私人资料\deposon-repo\results\_p_l_v3_robustness_glm53_L60_20260917_142011.json  size=1037B