[11:19:53] KEY_OK truncated=ark-de0b484e-0889-46...e219 proxy_cleared
[11:19:53] ANCHOR_OK SHA-12=03c6c01f3697
[11:19:53] CAPTIONS_BUILT n=22 prefix_avg_len=284 strip_avg_len=200
[11:19:53] EMB_PREFIX_START (re-embed, get full 2048-d)
[11:19:53]   EMB_TEXT chunk 1/3 n=10 status=200 ms=550.5
[11:19:54]   EMB_TEXT chunk 2/3 n=10 status=200 ms=439.1
[11:19:54]   EMB_TEXT chunk 3/3 n=2 status=200 ms=281.4
[11:19:54] EMB_PREFIX_DONE dim=2048 total_ms=1285.5
[11:19:54] EMB_STRIP_START (NEW, 1 batch call)
[11:19:55]   EMB_TEXT chunk 1/3 n=10 status=200 ms=476.7
[11:19:55]   EMB_TEXT chunk 2/3 n=10 status=200 ms=477.1
[11:19:55]   EMB_TEXT chunk 3/3 n=2 status=200 ms=274.8
[11:19:55] EMB_STRIP_DONE dim=2048 total_ms=1248.6
[11:19:55] DELTA_NORM mean=0.7696 max=0.8757 min=0.6629
[11:19:55] PREFIX:  intra=0.7402 inter=0.6314 ratio=1.1723
[11:19:55] STRIP:   intra=0.6677 inter=0.5637 ratio=1.1844
[11:19:55] DELTA:   intra=0.7123 inter=0.5467 ratio=1.3031
[11:19:55] VERDICT prefix=NOISE strip=NOISE delta=GRAY root_cause=P-D V0.2 应引入 DELTA 差分(去除 prefix 后 NOISE 仍在,但差分向量含信号)
[11:19:55] OUTPUT_SAVED D:\私人资料\deposon-repo\results\deposon_v2_phase3_f3_2026_09_11.json
[11:19:55] DONE
